15:08:45 **** Incremental Build of configuration Debug for project Exemplo_Queue ****
make -j8 all 
arm-none-eabi-gcc "../Core/Src/main.c" -mcpu=cortex-m4 -std=gnu11 -g3 -DUSE_HAL_DRIVER -DSTM32F401xC -DDEBUG -c -I../Core/Inc -I../Drivers/STM32F4xx_HAL_Driver/Inc -I../Drivers/STM32F4xx_HAL_Driver/Inc/Legacy -I../Drivers/CMSIS/Device/ST/STM32F4xx/Include -I../Drivers/CMSIS/Include -I../Middlewares/Third_Party/FreeRTOS/Source/include -I../Middlewares/Third_Party/FreeRTOS/Source/CMSIS_RTOS -I../Middlewares/Third_Party/FreeRTOS/Source/portable/GCC/ARM_CM4F -O0 -ffunction-sections -fdata-sections -Wall -fstack-usage -MMD -MP -MF"Core/Src/main.d" -MT"Core/Src/main.o" --specs=nano.specs -mfpu=fpv4-sp-d16 -mfloat-abi=hard -mthumb -o "Core/Src/main.o"
arm-none-eabi-gcc "../Core/Src/system_stm32f4xx.c" -mcpu=cortex-m4 -std=gnu11 -g3 -DUSE_HAL_DRIVER -DSTM32F401xC -DDEBUG -c -I../Core/Inc -I../Drivers/STM32F4xx_HAL_Driver/Inc -I../Drivers/STM32F4xx_HAL_Driver/Inc/Legacy -I../Drivers/CMSIS/Device/ST/STM32F4xx/Include -I../Drivers/CMSIS/Include -I../Middlewares/Third_Party/FreeRTOS/Source/include -I../Middlewares/Third_Party/FreeRTOS/Source/CMSIS_RTOS -I../Middlewares/Third_Party/FreeRTOS/Source/portable/GCC/ARM_CM4F -O0 -ffunction-sections -fdata-sections -Wall -fstack-usage -MMD -MP -MF"Core/Src/system_stm32f4xx.d" -MT"Core/Src/system_stm32f4xx.o" --specs=nano.specs -mfpu=fpv4-sp-d16 -mfloat-abi=hard -mthumb -o "Core/Src/system_stm32f4xx.o"
arm-none-eabi-gcc -o "Exemplo_Queue.elf" @"objects.list"   -mcpu=cortex-m4 -T"P:\ESTUDOS\freeRTOS\Projects\Exemplo_002_Queue\Exemplo_Queue\STM32F401RBTX_FLASH.ld" --specs=nosys.specs -Wl,-Map="Exemplo_Queue.map" -Wl,--gc-sections -static --specs=nano.specs -mfpu=fpv4-sp-d16 -mfloat-abi=hard -mthumb -Wl,--start-group -lc -lm -Wl,--end-group
Finished building target: Exemplo_Queue.elf
 
arm-none-eabi-size   Exemplo_Queue.elf 
arm-none-eabi-objdump -h -S  Exemplo_Queue.elf  > "Exemplo_Queue.list"
arm-none-eabi-objcopy  -O binary  Exemplo_Queue.elf  "Exemplo_Queue.bin"
   text	   data	    bss	    dec	    hex	filename
  10508	     20	   1876	  12404	   3074	Exemplo_Queue.elf
Finished building: default.size.stdout
 
Finished building: Exemplo_Queue.bin
 
Finished building: Exemplo_Queue.list
 

15:08:46 Build Finished. 0 errors, 0 warnings. (took 1s.56ms)

