main.c:130:5:main	32	static
main.c:291:6:SystemClock_Config	88	static
main.c:335:13:MX_USART1_UART_Init	8	static
main.c:368:13:MX_GPIO_Init	48	static
main.c:437:6:vPrintString	16	static
main.c:454:6:vUsartLib_Putc	16	static
main.c:458:6:vUsartLib_Puts	16	static
main.c:465:6:HAL_GPIO_EXTI_Callback	16	static
main.c:469:13:prvOneShotTimerCallback	72	static
main.c:484:13:prvAutoReloadTimerCallback	72	static
main.c:611:6:vTask_blink	216	static
main.c:648:6:StartDefaultTask	16	static
main.c:667:6:HAL_TIM_PeriodElapsedCallback	16	static
main.c:684:6:Error_Handler	4	static,ignoring_inline_asm
