main.c:119:5:main	16	static
main.c:232:6:SystemClock_Config	88	static
main.c:276:13:MX_USART1_UART_Init	8	static
main.c:309:13:MX_GPIO_Init	48	static
main.c:378:6:vPrintString	16	static
main.c:395:6:vUsartLib_Putc	16	static
main.c:399:6:vUsartLib_Puts	16	static
main.c:406:6:HAL_GPIO_EXTI_Callback	16	static
main.c:412:6:vTask_check_event	32	static
main.c:449:6:vTask1	16	static
main.c:465:6:vTask2	16	static
main.c:479:6:vTask3	16	static
main.c:490:6:vTask_blink	216	static
main.c:527:6:StartDefaultTask	16	static
main.c:546:6:HAL_TIM_PeriodElapsedCallback	16	static
main.c:563:6:Error_Handler	4	static,ignoring_inline_asm
